Testing Disaster Keyword Filtering & Classification
====================================================================================================
Result     | Exp      | Cat             | Text Snippet                                      
----------------------------------------------------------------------------------------------------
MATCH      | True     | storm           | [Tin b├úo khß║⌐n cß║Ñp] B├úo sß╗æ 4 ─æß╗ò bß╗Ö Quß║úng B├¼nh ...
WRONG_CAT  | True     | N/A             | ├üp thß║Ñp nhiß╗çt ─æß╗¢i tr├¬n Biß╗ân ─É├┤ng suy yß║┐u th├án...
   >>> [FAILED] Reason: Tropical Depression weakening
WRONG_CAT  | True     | extreme_weather | M╞░a lß╗¢n k├⌐o d├ái 3 ng├áy, l╞░ß╗úng m╞░a phß╗ò biß║┐n 15...
   >>> [FAILED] Reason: Heavy Rain with quantitative mm
WRONG_CAT  | True     | N/A             | L┼⌐ lß╗ïch sß╗¡ tß║íi H├á T─⌐nh, mß╗▒c n╞░ß╗¢c s├┤ng Ng├án S├ó...
   >>> [FAILED] Reason: Historic Flood
WRONG_CAT  | True     | N/A             | Thß╗ºy ─æiß╗çn xß║ú l┼⌐, hß║í du nguy c╞í ngß║¡p lß╗Ñt diß╗çn ...
   >>> [FAILED] Reason: Dam release & flooding
WRONG_CAT  | True     | landslide       | Sß║ít lß╗ƒ ─æß║Ñt kinh ho├áng tß║íi H├▓a B├¼nh v├╣i lß║Ñp 3 ...
   >>> [FAILED] Reason: Landslide with impact
WRONG_CAT  | True     | N/A             | Hß╗æ tß╗¡ thß║ºn xuß║Ñt hiß╗çn giß╗»a ─æ╞░ß╗¥ng phß╗æ S├ái G├▓n s...
   >>> [FAILED] Reason: Sinkhole (Hß╗æ tß╗¡ thß║ºn)
WRONG_CAT  | True     | salinity        | X├óm nhß║¡p mß║╖n s├óu v├áo nß╗Öi ─æß╗ông, ─æß╗Ö mß║╖n ─æß║ít 4ΓÇ░ ...
   >>> [FAILED] Reason: Salinity intrusion
WRONG_CAT  | True     | wildfire        | Nß║»ng n├│ng gay gß║»t 40 ─æß╗Ö C, nguy c╞í ch├íy rß╗½ng ...
   >>> [FAILED] Reason: Extreme Heat & Wildfire Risk
WRONG_CAT  | True     | N/A             | ─Éß╗Öng ─æß║Ñt 5.2 ─æß╗Ö richter rung chuyß╗ân Cao Bß║▒ng...
   >>> [FAILED] Reason: Earthquake M>3.5
WRONG_CAT  | True     | tsunami         | Cß║únh b├ío s├│ng thß║ºn sau ─æß╗Öng ─æß║Ñt lß╗¢n ngo├ái kh╞í...
   >>> [FAILED] Reason: Tsunami Warning
WRONG_CAT  | True     | extreme_weather | Cß║únh b├ío gi├│ mß║ính cß║Ñp 6-7 tr├¬n v├╣ng biß╗ân C├á M...
   >>> [FAILED] Reason: Strong wind at sea
MATCH      | False    | N/A             | Thß╗ï tr╞░ß╗¥ng v├áng trong c╞ín b├úo gi├í ch╞░a tß╗½ng c...
MATCH      | False    | N/A             | C╞ín lß╗æc sale 11/11 c├án qu├⌐t c├íc s├án th╞░╞íng mß║í...
MATCH      | False    | N/A             | B├úo sao k├¬: Loß║ít nghß╗ç s─⌐ v╞░ß╗¢ng ß╗ôn ├áo tß╗½ thiß╗çn...
MATCH      | False    | N/A             | C├║ sß╗æc ─æß╗ïa chß║Ñn tß║íi World Cup: ß║ó Rß║¡p X├¬ ├Üt th...
MATCH      | False    | N/A             | Rung chß║Ñn thß╗ï tr╞░ß╗¥ng bß║Ñt ─æß╗Öng sß║ún sau vß╗Ñ bß║»t ...
MATCH      | False    | N/A             | L┼⌐ l╞░ß╗út ng╞░ß╗¥i ─æß╗ò vß╗ü AEON Mall ng├áy khai tr╞░╞ín...
MATCH      | False    | N/A             | Ngß║¡p tr├án tiß║┐ng c╞░ß╗¥i trong lß╗à hß╗Öi xu├ón...
MATCH      | False    | N/A             | Xe container g├óy tai nß║ín li├¬n ho├án tr├¬n cao t...
MATCH      | False    | N/A             | Quy hoß║ích ─æ├┤ thß╗ï ven s├┤ng Hß╗ông ─æ╞░ß╗úc ph├¬ duyß╗çt...
MATCH      | False    | N/A             | Thß║úm hß╗ìa thß╗¥i trang tß║íi tuß║ºn lß╗à thß╗¥i trang Pa...
MATCH      | False    | N/A             | B├úo sao k├¬ c├án qu├⌐t showbiz Viß╗çt...
MATCH      | False    | N/A             | Cuß╗Öc sß╗æng s├│ng gi├│ cß╗ºa nghß╗ç s─⌐ A...
MATCH      | False    | N/A             | Quy hoß║ích ─æ╞░ß╗¥ng sß║»t cao tß╗æc Bß║»c Nam ─æ╞░ß╗úc ph├¬ ...
MATCH      | False    | N/A             | Thß╗æng k├¬ tai nß║ín giao th├┤ng dß╗ïp Tß║┐t...
====================================================================================================
Results: 15 passed, 11 failed

Testing Metric Extraction
----------------------------------------------------------------------------------------------------
MATCH | M╞░a to 150mm g├óy ngß║¡p                    -> {'rainfall_mm': 150.0}
MATCH | Gi├│ mß║ính cß║Ñp 10, giß║¡t cß║Ñp 12             -> {'wind_level': 10, 'wind_gust': 12}
MATCH | Nhiß╗çt ─æß╗Ö cao nhß║Ñt 40.5┬░C                 -> {'temperature_c': 40.5}
MATCH | ─Éß╗Ö mß║╖n 4ΓÇ░ x├óm nhß║¡p s├óu                   -> {'salinity_per_mille': 4.0}
MATCH | ─Éß╗Öng ─æß║Ñt M 5.3 tß║íi Kon Tum               -> {'earthquake_magnitude': 5.3}
Metrics Results: 5/5 passed
